Testing file writing
